// Jest Snapshot v1, https://goo.gl/fbAQLP

exports[`should render ExpenseList with dummy expenses 1`] = `
<div>
  <h1>
    Expense List
  </h1>
  <ExpenseListItem
    amount={1234}
    createdAt={0}
    description="gum"
    id="1"
    key="1"
    note=""
  />
  <ExpenseListItem
    amount={1212341}
    createdAt={-345600000}
    description="Rent"
    id="2"
    key="2"
    note="test"
  />
  <ExpenseListItem
    amount={4503}
    createdAt={345600000}
    description="Credit Card"
    id="3"
    key="3"
  />
</div>
`;

exports[`should render ExpenseList with message NO EXPENSES 1`] = `
<div>
  <h1>
    Expense List
  </h1>
  <p>
    No expenses
  </p>
</div>
`;
